0	has new\nline	has\ttab
1	no escape chars	has\ttab
2	has new\nline	has\ttab
3	has new\nline	no escape chars either
4	has new\nline	has\ttab
5	no escape chars	has\ttab
6	has new\nline	has\ttab
7	has new\nline	no escape chars either
8	has new\nline	has\ttab
9	no escape chars	has\ttab
10	has new\nline	has\ttab
11	has new\nline	no escape chars either
12	has new\nline	has\ttab
13	no escape chars	has\ttab
14	has new\nline	has\ttab
15	has new\nline	no escape chars either
16	has new\nline	has\ttab
17	no escape chars	has\ttab
18	has new\nline	has\ttab
19	has new\nline	no escape chars either
20	has new\nline	has\ttab
21	no escape chars	has\ttab
22	has new\nline	has\ttab
23	has new\nline	no escape chars either
24	has new\nline	has\ttab
